// Jest Snapshot v1, https://goo.gl/fbAQLP

exports[`<Dropdown /> Dropdown renders with default props 1`] = `ShallowWrapper {}`;
